[igsosana.org/index.html]
[backblue.gif]
[fade.gif]
[index.html]
[ajax.googleapis.com/ajax/libs/webfont/1.5.3/webfont.js]
[igsosana.org/wp-includes/css/dist/block-library/style.min9f31.css]
[igsosana.org/wp-includes/css/dist/block-library/theme.min9f31.css]
[igsosana.org/wp-content/plugins/piotnet-addons-for-elementor-pro/assets/css/minify/extension.min5d0f.css]
[igsosana.org/wp-content/plugins/elementor/assets/css/frontend-legacy.min2072.css]
[igsosana.org/comments/feed/index.html]
[igsosana.org/wp-content/plugins/elementor/assets/css/frontend.min2072.css]
[igsosana.org/wp-content/plugins/elementor/assets/lib/eicons/fonts/eicons0b93.eot]
[igsosana.org/feed/index.html]
[igsosana.org/wp-content/uploads/elementor/css/post-183058bc.css]
[igsosana.org/wp-content/uploads/elementor/css/post-184058bc.css]
[igsosana.org/wp-content/uploads/elementor/css/post-71658bc.css]
[igsosana.org/wp-content/themes/oceanwp/assets/fonts/fontawesome/css/all.min9e0b.css]
[igsosana.org/wp-content/themes/oceanwp/assets/css/third/simple-line-icons.min8d5a.css]
[igsosana.org/wp-content/themes/oceanwp/assets/css/third/magnific-popup.min8a54.css]
[igsosana.org/wp-content/plugins/elementor/assets/lib/eicons/css/elementor-icons.min21f9.css]
[igsosana.org/wp-content/plugins/elementor/assets/lib/animations/animations.min2072.css]
[igsosana.org/wp-content/uploads/elementor/css/post-152858bc.css]
[igsosana.org/wp-content/plugins/elementor-pro/assets/css/frontend.min3d36.css]
[igsosana.org/wp-content/plugins/elementor/assets/lib/font-awesome/css/all.min2072.css]
[igsosana.org/wp-content/plugins/ultimate-elementor/assets/min-css/uael-frontend.min86af.css]
[igsosana.org/wp-content/uploads/elementor/css/post-758bc.css]
[igsosana.org/wp-content/uploads/oceanwp/main-stylee1fc.css]
[igsosana.org/wp-content/plugins/ocean-cookie-notice/assets/css/style.min9f31.css]
[igsosana.org/wp-content/plugins/ocean-extra/assets/css/widgets9f31.css]
[igsosana.org/wp-content/plugins/ocean-portfolio/assets/css/style.min9f31.css]
[igsosana.org/wp-content/plugins/ocean-social-sharing/assets/css/style.min9f31.css]
[igsosana.org/wp-content/plugins/ocean-sticky-header/assets/css/style.min9f31.css]
[igsosana.org/wp-content/plugins/elementor/assets/lib/font-awesome/css/fontawesome.min9e0b.css]
[igsosana.org/wp-content/plugins/elementor/assets/lib/font-awesome/css/brands.min9e0b.css]
[igsosana.org/wp-content/plugins/elementor/assets/lib/font-awesome/css/solid.min9e0b.css]
[igsosana.org/wp-content/plugins/elementor/assets/lib/font-awesome/css/regular.min9e0b.css]
[igsosana.org/wp-includes/js/jquery/jquery.min9d52.js]
[igsosana.org/wp-includes/js/jquery/jquery-migrate.mind617.js]
[igsosana.org/wp-content/plugins/piotnet-addons-for-elementor-pro/assets/js/minify/extension.min5d0f.js]
[igsosana.org/wp-content/plugins/elementor/assets/lib/font-awesome/js/v4-shims.min2072.js]
[igsosana.org/wp-content/plugins/wp-simple-firewall/resources/js/shield/notbot82ca.js]
[igsosana.org/wp-content/plugins/wp-simple-firewall/resources/js/shield/loginbot82ca.js]
[igsosana.org/wp-json/index.html]
[igsosana.org/xmlrpc0db0.php]
[igsosana.org/wp-includes/wlwmanifest.xml]
[static.anyflip.com/plugin/LightBox/js/anyflp-light-box-api-min.js]
[igsosana.org/wp-content/uploads/2018/12/cropped-IGSOSANA-site-icon-192x192.jpg]
[igsosana.org/wp-content/uploads/2018/12/cropped-IGSOSANA-site-icon-180x180.jpg]
[igsosana.org/wp-content/uploads/2018/09/igsosana_logo9.png]
[igsosana.org/wp-content/uploads/2021/05/Dallas2021-Event-Flyer-2-Small.jpg]
[igsosana.org/about-us/the-alumni/index.html]
[igsosana.org/about-us/the-alumni/who-we-are/index.html]
[igsosana.org/about-us/the-alumni/what-we-do/index.html]
[igsosana.org/about-us/the-alumni/alumni-history/index.html]
[igsosana.org/about-us/the-alumni/presidents-address/index.html]
[igsosana.org/about-us/the-school/index.html]
[igsosana.org/about-us/the-school/current-state-of-igs/index.html]
[igsosana.org/about-us/the-school/school-song/index.html]
[igsosana.org/about-us/the-school/school-history/index.html]
[igsosana.org/about-us/the-school/current-past-principals/index.html]
[igsosana.org/school-song/index.html]
[igsosana.org/events/index.html]
[igsosana.org/about-us/the-school/the-founder/index.html]
[igsosana.org/events/annual-convention/index.html]
[igsosana.org/events/event-sponsorship/index.html]
[igsosana.org/events/past-events/index.html]
[igsosana.org/connections/index.html]
[igsosana.org/connections/resources/index.html]
[igsosana.org/connections/resources/newsroom/index.html]
[igsosana.org/wp-content/uploads/2020/10/Logo-Play-2.png]
[igsosana.org/connections/resources/faqs/index.html]
[igsosana.org/connections/resources/ask-a-question/index.html]
[igsosana.org/wp-content/uploads/2018/09/hm-prize.jpg]
[igsosana.org/connections/resources/useful-links/index.html]
[igsosana.org/connections/resources/members-only/index.html]
[igsosana.org/wp-content/uploads/2018/09/hm-Internet.jpg]
[igsosana.org/connections/connect/index.html]
[igsosana.org/wp-content/uploads/2018/09/hm-french.jpg]
[igsosana.org/connections/connect/photo-gallery/index.html]
[igsosana.org/wp-content/uploads/2019/09/Laniyonu-19.jpg]
[igsosana.org/connections/connect/obu-blog/index.html]
[igsosana.org/connections/connect/video-gallery/index.html]
[igsosana.org/connections/connect/fabus-slangs/index.html]
[igsosana.org/wp-content/uploads/2019/09/Laniyonu-19-300x300.jpg]
[igsosana.org/wp-content/uploads/2019/09/Thomas-19.jpg]
[igsosana.org/connections/get-involved/index.html]
[igsosana.org/connections/connect/igsosa-attires/index.html]
[igsosana.org/connections/get-involved/donate-online/index.html]
[igsosana.org/wp-content/uploads/2019/09/Thomas-19-300x300.jpg]
[igsosana.org/wp-content/uploads/2019/09/Labiyi-19.jpg]
[igsosana.org/connections/get-involved/projects/index.html]
[igsosana.org/connections/get-involved/membership/index.html]
[igsosana.org/connections/get-involved/become-a-member/index.html]
[igsosana.org/wp-content/uploads/2019/09/Labiyi-19-300x300.jpg]
[igsosana.org/connections/get-involved/membership-dues/index.html]
[igsosana.org/dues-payment-form/index.html]
[igsosana.org/wp-content/uploads/2019/09/KasimAlli-1.jpg]
[igsosana.org/contact/index.html]
[igsosana.org/wp-content/uploads/2019/09/KasimAlli-1-300x300.jpg]
[igsosana.org/wp-content/uploads/2019/09/Odumosu-19.jpg]
[igsosana.org/vc2020-survey/index.html]
[igsosana.org/events/excellence/index.html]
[igsosana.org/attire-store/index.html]
[igsosana.org/wp-content/uploads/2019/09/Odumosu-19-300x300.jpg]
[igsosana.org/wp-includes/js/imagesloaded.mineda1.js]
[igsosana.org/wp-content/themes/oceanwp/assets/js/third/magnific-popup.mine1fc.js]
[igsosana.org/wp-content/themes/oceanwp/assets/js/third/lightbox.mine1fc.js]
[igsosana.org/wp-content/plugins/ocean-extra/includes/widgets/js/mailchimp.min9f31.js]
[www.google.com/recaptcha/apidcc9.js]
[igsosana.org/wp-content/uploads/oceanwp/main-scriptse1fc.js]
[igsosana.org/wp-content/plugins/ocean-social-sharing/assets/js/social.minc64e.js]
[igsosana.org/wp-content/plugins/ocean-sticky-header/assets/js/main.min.js]
[igsosana.org/wp-content/plugins/wp-simple-firewall/resources/js/shield/comments82ca.js]
[igsosana.org/wp-includes/js/wp-embed.min9f31.js]
[igsosana.org/wp-content/plugins/elementor/assets/lib/jquery-numerator/jquery-numerator.min3958.js]
[igsosana.org/wp-content/plugins/elementor-pro/assets/js/webpack-pro.runtime.min3d36.js]
[igsosana.org/wp-content/plugins/elementor/assets/js/webpack.runtime.min2072.js]
[igsosana.org/wp-content/plugins/elementor/assets/js/frontend-modules.min2072.js]
[igsosana.org/wp-content/plugins/elementor-pro/assets/lib/sticky/jquery.sticky.min3d36.js]
[igsosana.org/wp-content/plugins/elementor-pro/assets/js/frontend.min3d36.js]
[igsosana.org/wp-content/plugins/elementor/assets/lib/waypoints/waypoints.min05da.js]
[igsosana.org/wp-includes/js/jquery/ui/core.min35d0.js]
[igsosana.org/wp-content/plugins/elementor/assets/lib/share-link/share-link.min2072.js]
[igsosana.org/wp-content/plugins/elementor/assets/lib/swiper/swiper.min48f5.js]
[igsosana.org/wp-content/plugins/elementor/assets/lib/dialog/dialog.mina288.js]
[igsosana.org/wp-content/plugins/elementor/assets/js/frontend.min2072.js]
[igsosana.org/index.html]
[igsosana.org/wp-includes/css/dist/block-library/style.min9f31.css]
[igsosana.org/wp-includes/css/dist/block-library/theme.min9f31.css]
[igsosana.org/wp-content/plugins/piotnet-addons-for-elementor-pro/assets/css/minify/extension.min5d0f.css]
[igsosana.org/wp-content/plugins/elementor/assets/css/frontend-legacy.min2072.css]
[igsosana.org/wp-content/plugins/elementor/assets/js/preloaded-modules.min2072.js]
[igsosana.org/wp-content/plugins/elementor/assets/css/frontend.min2072.css]
[igsosana.org/wp-content/uploads/elementor/css/post-183058bc.css]
[igsosana.org/wp-content/uploads/elementor/css/post-184058bc.css]
[igsosana.org/wp-content/uploads/elementor/css/post-71658bc.css]
[igsosana.org/wp-content/plugins/ocean-elementor-widgets/assets/css/style.min9f31.css]
[igsosana.org/wp-content/themes/oceanwp/assets/fonts/fontawesome/webfonts/fa-brands-400.eot]
[igsosana.org/wp-content/plugins/elementor-pro/assets/js/preloaded-elements-handlers.min3d36.js]
[igsosana.org/wp-content/themes/oceanwp/assets/fonts/fontawesome/webfonts/fa-brands-400d41d.eot]
[igsosana.org/wp-content/themes/oceanwp/assets/fonts/fontawesome/webfonts/fa-brands-400.woff2]
[igsosana.org/wp-content/themes/oceanwp/assets/fonts/fontawesome/webfonts/fa-brands-400.woff]
[igsosana.org/wp-content/themes/oceanwp/assets/fonts/fontawesome/webfonts/fa-brands-400.ttf]
[igsosana.org/wp-content/themes/oceanwp/assets/fonts/fontawesome/webfonts/fa-regular-400.eot]
[igsosana.org/wp-content/themes/oceanwp/assets/fonts/fontawesome/webfonts/fa-regular-400d41d.eot]
[igsosana.org/wp-content/themes/oceanwp/assets/fonts/fontawesome/webfonts/fa-regular-400.woff2]
[igsosana.org/wp-content/themes/oceanwp/assets/fonts/fontawesome/webfonts/fa-regular-400.woff]
[igsosana.org/wp-content/themes/oceanwp/assets/fonts/fontawesome/webfonts/fa-regular-400.ttf]
[igsosana.org/wp-content/themes/oceanwp/assets/fonts/fontawesome/webfonts/fa-solid-900.eot]
[igsosana.org/wp-content/themes/oceanwp/assets/fonts/fontawesome/webfonts/fa-regular-400.svg]
[igsosana.org/wp-content/themes/oceanwp/assets/fonts/fontawesome/webfonts/fa-brands-400.svg]
[igsosana.org/wp-content/themes/oceanwp/assets/fonts/fontawesome/webfonts/fa-solid-900d41d.eot]
[igsosana.org/wp-content/themes/oceanwp/assets/fonts/fontawesome/webfonts/fa-solid-900.woff2]
[igsosana.org/wp-content/themes/oceanwp/assets/fonts/fontawesome/webfonts/fa-solid-900.woff]
[igsosana.org/wp-content/themes/oceanwp/assets/fonts/fontawesome/webfonts/fa-solid-900.ttf]
[igsosana.org/wp-content/themes/oceanwp/assets/fonts/fontawesome/css/all.min9e0b.css]
[igsosana.org/wp-content/themes/oceanwp/assets/fonts/simple-line-icons/Simple-Line-Iconsb26c.eot]
[igsosana.org/wp-content/themes/oceanwp/assets/fonts/simple-line-icons/Simple-Line-Iconsb26c.woff2]
[igsosana.org/wp-content/themes/oceanwp/assets/fonts/simple-line-icons/Simple-Line-Iconsb26c.ttf]
[igsosana.org/wp-content/themes/oceanwp/assets/fonts/fontawesome/webfonts/fa-solid-900.svg]
[igsosana.org/wp-content/themes/oceanwp/assets/fonts/simple-line-icons/Simple-Line-Iconsb26c.woff]
[igsosana.org/wp-content/themes/oceanwp/assets/css/third/simple-line-icons.min8d5a.css]
[igsosana.org/wp-content/themes/oceanwp/assets/css/third/magnific-popup.min8a54.css]
[igsosana.org/wp-content/themes/oceanwp/assets/fonts/simple-line-icons/Simple-Line-Iconsb26c.svg]
[igsosana.org/wp-content/plugins/elementor/assets/lib/eicons/fonts/eiconsa481.eot]
[igsosana.org/wp-content/plugins/elementor/assets/lib/eicons/fonts/eiconsa481.woff2]
[igsosana.org/wp-content/plugins/elementor/assets/lib/eicons/fonts/eiconsa481.woff]
[igsosana.org/wp-content/plugins/elementor/assets/lib/eicons/fonts/eiconsa481.ttf]
[igsosana.org/wp-content/plugins/elementor/assets/lib/eicons/css/elementor-icons.min21f9.css]
[igsosana.org/wp-content/plugins/elementor/assets/lib/animations/animations.min2072.css]
[igsosana.org/wp-content/uploads/elementor/css/post-152858bc.css]
[igsosana.org/wp-content/plugins/elementor-pro/assets/css/frontend.min3d36.css]
[igsosana.org/wp-content/plugins/elementor/assets/lib/eicons/fonts/eiconsa481.svg]
[igsosana.org/wp-content/plugins/ultimate-elementor/assets/images/shade.png]
[igsosana.org/wp-content/plugins/ultimate-elementor/assets/min-css/uael-frontend.min86af.css]
[igsosana.org/wp-content/plugins/elementor/assets/lib/font-awesome/webfonts/fa-brands-400.eot]
[igsosana.org/wp-content/plugins/elementor/assets/lib/font-awesome/webfonts/fa-brands-400.ttf]
[igsosana.org/wp-content/plugins/elementor/assets/lib/font-awesome/webfonts/fa-regular-400.eot]
[igsosana.org/wp-content/plugins/elementor/assets/lib/font-awesome/webfonts/fa-regular-400d41d.eot]
[igsosana.org/wp-content/plugins/elementor/assets/lib/font-awesome/webfonts/fa-regular-400.woff2]
[igsosana.org/wp-content/plugins/elementor/assets/lib/font-awesome/webfonts/fa-brands-400.svg]
[igsosana.org/wp-content/plugins/elementor/assets/lib/font-awesome/webfonts/fa-regular-400.woff]
[igsosana.org/wp-content/plugins/elementor/assets/lib/font-awesome/webfonts/fa-regular-400.ttf]
[igsosana.org/wp-content/plugins/elementor/assets/lib/font-awesome/webfonts/fa-regular-400.svg]
[igsosana.org/wp-content/plugins/elementor/assets/lib/font-awesome/webfonts/fa-solid-900.woff2]
[igsosana.org/wp-content/plugins/elementor/assets/lib/font-awesome/webfonts/fa-solid-900.woff]
[igsosana.org/wp-content/plugins/elementor/assets/lib/font-awesome/webfonts/fa-solid-900.ttf]
[igsosana.org/wp-content/plugins/elementor/assets/lib/font-awesome/css/all.min2072.css]
[igsosana.org/wp-content/plugins/elementor/assets/lib/font-awesome/css/v4-shims.min2072.css]
[igsosana.org/wp-content/plugins/elementor/assets/lib/font-awesome/webfonts/fa-solid-900.svg]
[igsosana.org/wp-content/uploads/2021/04/igs-ban-2021-1.jpg]
[igsosana.org/wp-content/uploads/2018/09/home38-bg01.png]
[igsosana.org/wp-content/uploads/elementor/css/post-758bc.css]
[igsosana.org/wp-content/uploads/oceanwp/main-stylee1fc.css]
[igsosana.org/wp-content/plugins/ocean-cookie-notice/assets/css/style.min9f31.css]
[igsosana.org/wp-content/plugins/ocean-extra/assets/img/instagram-logo.png]
[igsosana.org/wp-content/plugins/ocean-extra/assets/img/flickr.png]
[igsosana.org/wp-content/plugins/ocean-extra/assets/css/widgets9f31.css]
[igsosana.org/wp-content/plugins/ocean-portfolio/assets/css/style.min9f31.css]
[igsosana.org/wp-content/plugins/ocean-social-sharing/assets/css/style.min9f31.css]
[igsosana.org/wp-content/plugins/ocean-sticky-header/assets/css/style.min9f31.css]
[igsosana.org/wp-content/plugins/elementor/assets/lib/font-awesome/css/fontawesome.min9e0b.css]
[igsosana.org/wp-content/plugins/elementor/assets/lib/font-awesome/css/brands.min9e0b.css]
[igsosana.org/wp-content/plugins/elementor/assets/lib/font-awesome/css/solid.min9e0b.css]
[igsosana.org/wp-content/plugins/elementor/assets/lib/font-awesome/css/regular.min9e0b.css]
[igsosana.org/wp-json/wp/v2/pages/7.json]
[igsosana.org/wp-json/oembed/1.0/embed9815.json]
[igsosana.org/wp-json/oembed/1.0/embed7d58]
[igsosana.org/wp-content/uploads/2018/12/cropped-IGSOSANA-site-icon-32x32.jpg]
[igsosana.org/about-us/the-alumni/index.html]
[igsosana.org/wp-content/uploads/elementor/css/post-2577b97.css]
[igsosana.org/about-us/index.html]
[igsosana.org/wp-content/uploads/2018/09/IGSOSANA-Flags.png]
[igsosana.org/about-us/the-alumni/who-we-are/index.html]
[igsosana.org/wp-content/uploads/elementor/css/post-309c9bb.css]
[igsosana.org/wp-content/uploads/2018/09/igs-prog-science.jpg]
[igsosana.org/wp-content/uploads/2018/09/igs-prog-tec.jpg]
[igsosana.org/wp-content/uploads/2018/09/igs-prog-infra.jpg]
[igsosana.org/wp-content/uploads/2018/09/igs-prog-sports.jpg]
[igsosana.org/wp-content/uploads/2018/09/igs-prog-students.jpg]
[igsosana.org/wp-content/uploads/2018/09/igs-prog-teach.jpg]
[igsosana.org/about-us/the-alumni/what-we-do/index.html]
[igsosana.org/wp-content/uploads/elementor/css/post-3152514.css]
[igsosana.org/about-us/the-alumni/executive-officers/index.html]
[igsosana.org/wp-content/uploads/2018/09/atalnta-convetion2009-1.png]
[igsosana.org/about-us/the-alumni/alumni-history/index.html]
[igsosana.org/about-us/the-alumni/presidents-address/index.html]
[igsosana.org/about-us/the-school/index.html]
[igsosana.org/wp-content/uploads/elementor/css/post-2824087.css]
[igsosana.org/wp-content/uploads/2018/09/igs-principal-house.jpg]
[igsosana.org/about-us/the-school/current-state-of-igs/index.html]
[igsosana.org/wp-content/uploads/elementor/css/post-3363535.css]
[igsosana.org/wp-content/uploads/2018/09/igs-ins-history.jpg]
[igsosana.org/about-us/the-school/school-history/index.html]
[igsosana.org/wp-content/uploads/elementor/css/post-34820fd.css]
[igsosana.org/about-us/the-school/school-song/index.html]
[igsosana.org/wp-content/uploads/elementor/css/post-350a9f5.css]
[igsosana.org/wp-content/uploads/2018/09/bishop-akinyele.jpg]
[igsosana.org/about-us/the-school/the-founder/index.html]
[igsosana.org/wp-content/uploads/elementor/css/post-3528399.css]
[igsosana.org/about-us/the-school/current-past-principals/index.html]
[igsosana.org/xmlrpc.php]
[igsosana.org/school-song/feed/index.html]
[igsosana.org/school-song/index.html]
[igsosana.org/wp-includes/js/comment-reply.min9f31.js]
[igsosana.org/category/uncategorized/index.html]
[igsosana.org/events/index.html]
[igsosana.org/wp-content/uploads/elementor/css/post-13261de6.css]
[igsosana.org/wp-content/plugins/gravityforms/css/basic.min2a47.css]
[igsosana.org/wp-content/plugins/gravityforms/css/theme-ie11.min2a47.css]
[igsosana.org/wp-content/plugins/gravityforms/css/theme.min2a47.css]
[igsosana.org/wp-content/plugins/gravityformsstripe/css/frontend.minf9b8.css]
[igsosana.org/wp-content/plugins/gravityforms/legacy/css/formreset.min2a47.css]
[igsosana.org/wp-content/plugins/gravityforms/legacy/css/formsmain.min2a47.css]
[igsosana.org/wp-content/plugins/gravityforms/legacy/css/readyclass.min2a47.css]
[igsosana.org/wp-includes/js/dist/vendor/wp-polyfill.min89b1.js]
[igsosana.org/wp-includes/js/dist/vendor/wp-polyfill-node-contains.min2e00.js]
[igsosana.org/wp-includes/js/dist/vendor/wp-polyfill-dom-rect.min2e00.js]
[igsosana.org/wp-includes/js/dist/vendor/wp-polyfill-url.min5aed.js]
[igsosana.org/wp-includes/js/dist/vendor/wp-polyfill-formdata.mine9bd.js]
[igsosana.org/wp-includes/js/dist/vendor/wp-polyfill-element-closest.min4c56.js]
[igsosana.org/wp-includes/js/dist/vendor/wp-polyfill-object-fit.min531b.js]
[igsosana.org/wp-includes/js/dist/dom-ready.minab1b.js]
[igsosana.org/wp-includes/js/dist/hooks.minf521.js]
[igsosana.org/wp-includes/js/dist/i18n.min87d6.js]
[igsosana.org/wp-includes/js/dist/a11y.min9559.js]
[igsosana.org/wp-content/plugins/gravityforms/js/jquery.json.min2a47.js]
[igsosana.org/wp-content/plugins/gravityforms/js/gravityforms.min2a47.js]
[igsosana.org/wp-content/plugins/gravityforms/js/conditional_logic.min2a47.js]
[www.google.com/recaptcha/api1865.js]
[igsosana.org/wp-content/plugins/gravityforms/js/jquery.maskedinput.min2a47.js]
[igsosana.org/wp-content/plugins/gravityforms/js/chosen.jquery.min2a47.js]
[igsosana.org/wp-content/plugins/gravityforms/js/placeholders.jquery.min2a47.js]
[igsosana.org/wp-content/plugins/gravityforms/includes/addon/js/gaddon_frontend.min2a47.js]
[igsosana.org/wp-content/plugins/gravityformsstripe/js/frontend.minf9b8.js]
[igsosana.org/wp-content/plugins/ultimate-elementor/assets/min-js/uael-frontend.min86af.js]
[igsosana.org/events/annual-convention/index.html]
[igsosana.org/wp-content/uploads/elementor/css/post-3740c32.css]
[igsosana.org/events/event-sponsorship/index.html]
[igsosana.org/wp-content/uploads/elementor/css/post-372309f.css]
[igsosana.org/wp-content/uploads/2018/09/igs-eve-jersey.jpg]
[igsosana.org/wp-content/uploads/2018/09/igs-eve-Atlanta.jpg]
[igsosana.org/portfolio/new-jersey/index.html]
[igsosana.org/wp-content/uploads/2018/09/igs-eve-dc1.jpg]
[igsosana.org/portfolio/atlanta/index.html]
[igsosana.org/wp-content/uploads/2018/09/igs-eve-losAngeles.jpg]
[igsosana.org/portfolio/washington-dc/index.html]
[igsosana.org/portfolio/los-angeles/index.html]
[igsosana.org/wp-content/uploads/2018/09/igs-eve-chicago.jpg]
[igsosana.org/wp-content/uploads/2018/09/igs-eve-toronto.jpg]
[igsosana.org/portfolio/chicago/index.html]
[igsosana.org/wp-content/uploads/2018/09/igs-eve-houston.jpg]
[igsosana.org/portfolio/toronto/index.html]
[igsosana.org/wp-content/uploads/2018/09/igs-eve-boston.jpg]
[igsosana.org/portfolio/houston/index.html]
[igsosana.org/wp-content/uploads/2018/09/igs-eve-dc2.jpg]
[igsosana.org/events/past-events/index.html]
[igsosana.org/portfolio/boston/index.html]
[igsosana.org/portfolio/washington-dc-2008/index.html]
[igsosana.org/connections/index.html]
[igsosana.org/connections/resources/index.html]
[igsosana.org/connections/resources/newsroom/index.html]
[igsosana.org/wp-content/uploads/elementor/css/post-396b47f.css]
[igsosana.org/connections/resources/faqs/index.html]
[igsosana.org/wp-content/uploads/elementor/css/post-398c405.css]
[www.google.com/recaptcha/api2942.js]
[igsosana.org/connections/resources/ask-a-question/index.html]
[igsosana.org/connections/resources/useful-links/index.html]
[igsosana.org/connections/resources/members-only/index.html]
[igsosana.org/connections/connect/index.html]
[igsosana.org/connections/connect/photo-gallery/index.html]
[igsosana.org/wp-content/uploads/elementor/css/post-412ee52.css]
[igsosana.org/connections/connect/video-gallery/index.html]
[igsosana.org/connections/connect/obu-blog/index.html]
[igsosana.org/wp-content/uploads/elementor/css/post-416dec4.css]
[igsosana.org/connections/connect/fabus-slangs/index.html]
[igsosana.org/connections/connect/igsosa-attires/index.html]
[igsosana.org/connections/get-involved/index.html]
[igsosana.org/connections/get-involved/donate-online/index.html]
[igsosana.org/connections/get-involved/projects/index.html]
[igsosana.org/connections/get-involved/membership/index.html]
[igsosana.org/connections/get-involved/become-a-member/index.html]
[igsosana.org/connections/get-involved/membership-dues/index.html]
[igsosana.org/dues-payment-form/index.html]
[igsosana.org/contact/index.html]
[igsosana.org/events/excellence/index.html]
[igsosana.org/vc2020-survey/index.html]
[igsosana.org/attire-store/index.html]
[igsosana.org/wp-content/plugins/ocean-elementor-widgets/assets/css/style.min9f31.css]
[igsosana.org/wp-content/themes/oceanwp/assets/fonts/fontawesome/webfonts/fa-brands-400.svg]
[igsosana.org/wp-content/themes/oceanwp/assets/fonts/fontawesome/webfonts/fa-regular-400.svg]
[igsosana.org/wp-content/themes/oceanwp/assets/fonts/fontawesome/webfonts/fa-solid-900.svg]
[igsosana.org/wp-content/themes/oceanwp/assets/fonts/simple-line-icons/Simple-Line-Iconsb26c.svg]
[igsosana.org/wp-content/plugins/elementor/assets/lib/eicons/fonts/eiconsa481.svg]
[igsosana.org/wp-content/plugins/ultimate-elementor/assets/images/shade.html]
[igsosana.org/wp-content/plugins/elementor/assets/lib/font-awesome/webfonts/fa-brands-400.svg]
[igsosana.org/wp-content/plugins/elementor/assets/lib/font-awesome/webfonts/fa-regular-400.svg]
[igsosana.org/wp-content/plugins/elementor/assets/lib/font-awesome/webfonts/fa-solid-900.svg]
[igsosana.org/wp-content/plugins/elementor/assets/lib/font-awesome/css/v4-shims.min2072.css]
[igsosana.org/wp-json/wp/v2/pages/268.json]
[igsosana.org/indexc524.html]
[igsosana.org/wp-json/oembed/1.0/embedce8a.json]
[igsosana.org/wp-json/oembed/1.0/embed19f8]
[igsosana.org/wp-content/plugins/elementor/assets/lib/font-awesome/webfonts/fa-solid-900.eot]
[igsosana.org/wp-content/plugins/elementor/assets/lib/font-awesome/webfonts/fa-solid-900d41d.eot]
[igsosana.org/wp-content/uploads/2018/09/home38-bg05.jpg]
[igsosana.org/about-us/index.html]
[igsosana.org/wp-content/uploads/elementor/css/post-2577b97.css]
[igsosana.org/wp-json/wp/v2/pages/257.json]
[igsosana.org/index548d.html]
[igsosana.org/wp-json/oembed/1.0/embed6f66.json]
[igsosana.org/wp-json/oembed/1.0/embed333a]
[igsosana.org/wp-content/uploads/elementor/css/post-309c9bb.css]
[igsosana.org/wp-json/wp/v2/pages/309.json]
[igsosana.org/indexef92.html]
[igsosana.org/wp-json/oembed/1.0/embed5408.json]
[igsosana.org/wp-json/oembed/1.0/embed458c]
[igsosana.org/about-us/the-alumni/executive-officers/index.html]
[igsosana.org/wp-content/uploads/elementor/css/post-3152514.css]
[igsosana.org/wp-json/wp/v2/pages/315.json]
[igsosana.org/index7d3e.html]
[igsosana.org/wp-json/oembed/1.0/embedb3bf.json]
[igsosana.org/wp-json/oembed/1.0/embed6280]
[igsosana.org/wp-json/wp/v2/pages/361.json]
[igsosana.org/wp-json/oembed/1.0/embed986f.json]
[igsosana.org/wp-json/oembed/1.0/embedc085]
[igsosana.org/wp-json/wp/v2/pages/280.json]
[igsosana.org/index90dd.html]
[igsosana.org/wp-json/oembed/1.0/embed38a7.json]
[igsosana.org/wp-json/oembed/1.0/embedb3cd]
[igsosana.org/wp-content/uploads/elementor/css/post-2824087.css]
[igsosana.org/wp-json/wp/v2/pages/282.json]
[igsosana.org/indexa8da.html]
[igsosana.org/wp-json/oembed/1.0/embed57ba.json]
[igsosana.org/wp-json/oembed/1.0/embed5ef2]
[igsosana.org/wp-content/uploads/elementor/css/post-3363535.css]
[igsosana.org/wp-json/wp/v2/pages/336.json]
[igsosana.org/index71fc.html]
[igsosana.org/wp-json/oembed/1.0/embedbd99.json]
[igsosana.org/wp-json/oembed/1.0/embed7ca6]
[igsosana.org/wp-content/uploads/elementor/css/post-34820fd.css]
[igsosana.org/wp-json/wp/v2/pages/348.json]
[igsosana.org/index2206.html]
[igsosana.org/wp-json/oembed/1.0/embed8477.json]
[igsosana.org/wp-json/oembed/1.0/embed45f9]
[igsosana.org/wp-content/uploads/elementor/css/post-350a9f5.css]
[igsosana.org/wp-json/wp/v2/pages/350.json]
[igsosana.org/index8fbb.html]
[igsosana.org/wp-json/oembed/1.0/embed2257.json]
[igsosana.org/wp-json/oembed/1.0/embedc6cc]
[igsosana.org/wp-content/uploads/elementor/css/post-3528399.css]
[igsosana.org/wp-json/wp/v2/pages/352.json]
[igsosana.org/index8fec.html]
[igsosana.org/wp-json/oembed/1.0/embed523e.json]
[igsosana.org/wp-json/oembed/1.0/embed015d]
[igsosana.org/xmlrpc.php]
[igsosana.org/wp-json/wp/v2/posts/290.json]
[igsosana.org/index5b31.html]
[igsosana.org/wp-json/oembed/1.0/embed6f7a.json]
[igsosana.org/wp-json/oembed/1.0/embed7913]
[igsosana.org/category/uncategorized/index.html]
[igsosana.org/wp-json/wp/v2/pages/367.json]
[igsosana.org/index55d4.html]
[igsosana.org/wp-json/oembed/1.0/embede795.json]
[igsosana.org/wp-json/oembed/1.0/embede4d8]
[igsosana.org/wp-content/uploads/2018/09/igs-eve-dallas.jpg]
[igsosana.org/wp-content/uploads/2019/01/HiltonGI.jpg]
[igsosana.org/wp-content/uploads/elementor/css/post-13261de6.css]
[igsosana.org/wp-json/wp/v2/pages/1326.json]
[igsosana.org/index6917.html]
[igsosana.org/wp-json/oembed/1.0/embedf60d.json]
[igsosana.org/wp-json/oembed/1.0/embedddeb]
[igsosana.org/wp-content/plugins/gravityforms/fonts/gform-icons-theme1bee.woff2]
[igsosana.org/wp-content/plugins/gravityforms/fonts/gform-icons-theme1bee.ttf]
[igsosana.org/wp-content/plugins/gravityforms/fonts/gform-icons-theme1bee.woff]
[igsosana.org/wp-content/plugins/gravityforms/fonts/gform-icons-theme1bee.svg]
[igsosana.org/wp-content/plugins/gravityforms/legacy/css/chosen-sprite.png]
[igsosana.org/wp-content/plugins/gravityforms/legacy/css/chosen-sprite@2x.png]
[igsosana.org/wp-content/plugins/gravityforms/images/gf-creditcards.svg]
[igsosana.org/wp-content/plugins/gravityforms/images/list-add.svg]
[igsosana.org/wp-content/plugins/gravityforms/images/list-remove.svg]
[igsosana.org/wp-content/plugins/gravityforms/css/basic.min2a47.css]
[igsosana.org/wp-content/plugins/gravityforms/css/theme-ie11.min2a47.css]
[igsosana.org/wp-content/plugins/gravityforms/images/theme/down-arrow.svg]
[igsosana.org/wp-content/plugins/gravityforms/css/theme.min2a47.css]
[igsosana.org/wp-content/plugins/gravityformsstripe/css/frontend.minf9b8.css]
[igsosana.org/wp-content/plugins/gravityforms/legacy/css/formreset.min2a47.css]
[igsosana.org/wp-content/plugins/gravityforms/legacy/css/formsmain.min2a47.css]
[igsosana.org/wp-content/plugins/gravityforms/legacy/css/readyclass.min2a47.css]
[igsosana.org/wp-content/uploads/elementor/css/post-3740c32.css]
[igsosana.org/wp-json/wp/v2/pages/374.json]
[igsosana.org/index9222.html]
[igsosana.org/wp-json/oembed/1.0/embede68d.json]
[igsosana.org/wp-json/oembed/1.0/embedaa3a]
[igsosana.org/wp-content/uploads/elementor/css/post-372309f.css]
[igsosana.org/wp-json/wp/v2/pages/372.json]
[igsosana.org/wp-json/oembed/1.0/embed7841.json]
[igsosana.org/wp-json/oembed/1.0/embed1551]
[igsosana.org/wp-content/plugins/gravityforms/legacy/css/browsers.min2a47.css]
[igsosana.org/wp-includes/js/dist/vendor/wp-polyfill-fetch.min6e0e.js]
[igsosana.org/wp-content/plugins/ocean-portfolio/assets/photoswipe/photoswipe.min9f31.css]
[igsosana.org/wp-content/plugins/ocean-portfolio/assets/photoswipe/default-skin/default-skin.min9f31.css]
[igsosana.org/portfolio/new-jersey/feed/index.html]
[igsosana.org/wp-content/plugins/ocean-portfolio/assets/photoswipe/photoswipe.minc358.js]
[igsosana.org/portfolio/new-jersey/index.html]
[igsosana.org/wp-content/plugins/ocean-portfolio/assets/photoswipe/photoswipe-ui-default.minc358.js]
[igsosana.org/author/msporgad/index.html]
[igsosana.org/portfolio/atlanta/feed/index.html]
[igsosana.org/portfolio/atlanta/index.html]
[igsosana.org/portfolio/washington-dc/index.html]
[igsosana.org/portfolio/washington-dc/feed/index.html]
[igsosana.org/portfolio/los-angeles/index.html]
[igsosana.org/portfolio/los-angeles/feed/index.html]
[igsosana.org/portfolio/chicago/feed/index.html]
[igsosana.org/portfolio/chicago/index.html]
[igsosana.org/portfolio/toronto/feed/index.html]
[igsosana.org/portfolio/toronto/index.html]
[igsosana.org/portfolio/houston/feed/index.html]
[igsosana.org/portfolio/houston/index.html]
[igsosana.org/portfolio/boston/feed/index.html]
[igsosana.org/portfolio/boston/index.html]
[igsosana.org/portfolio/washington-dc-2008/feed/index.html]
[igsosana.org/portfolio/washington-dc-2008/index.html]
[igsosana.org/wp-json/wp/v2/pages/376.json]
[igsosana.org/index264a.html]
[igsosana.org/wp-json/oembed/1.0/embed2366.json]
[igsosana.org/wp-json/oembed/1.0/embed1e56]
[igsosana.org/wp-json/wp/v2/pages/378.json]
[igsosana.org/wp-json/oembed/1.0/embed2f69.json]
[igsosana.org/wp-json/oembed/1.0/embedf124]
[igsosana.org/wp-json/wp/v2/pages/394.json]
[igsosana.org/wp-json/oembed/1.0/embedf4f3.json]
[igsosana.org/wp-json/oembed/1.0/embed5995]
[igsosana.org/wp-content/uploads/elementor/css/post-396b47f.css]
[igsosana.org/wp-json/wp/v2/pages/396.json]
[igsosana.org/index2e25.html]
[igsosana.org/wp-json/oembed/1.0/embedf87c.json]
[igsosana.org/wp-json/oembed/1.0/embed0c1e]
[igsosana.org/wp-content/uploads/elementor/css/post-398c405.css]
[igsosana.org/wp-json/wp/v2/pages/398.json]
[igsosana.org/index9d24.html]
[igsosana.org/wp-json/oembed/1.0/embed9b7a.json]
[igsosana.org/wp-json/oembed/1.0/embed93f3]
[igsosana.org/wp-json/wp/v2/pages/400.json]
[igsosana.org/index2d8c.html]
[igsosana.org/wp-json/oembed/1.0/embed7ca5.json]
[igsosana.org/wp-json/oembed/1.0/embed1804]
[igsosana.org/wp-json/wp/v2/pages/402.json]
[igsosana.org/index2e64.html]
[igsosana.org/wp-json/oembed/1.0/embedcc9d.json]
[igsosana.org/wp-json/oembed/1.0/embed746f]
[igsosana.org/wp-json/wp/v2/pages/381.json]
[igsosana.org/wp-json/oembed/1.0/embed2a63.json]
[igsosana.org/wp-json/oembed/1.0/embed9df9]
[igsosana.org/wp-json/wp/v2/pages/409.json]
[igsosana.org/indexe145.html]
[igsosana.org/wp-json/oembed/1.0/embed3ff5.json]
[igsosana.org/wp-json/oembed/1.0/embeddbab]
[igsosana.org/wp-content/uploads/elementor/css/post-412ee52.css]
[igsosana.org/wp-json/wp/v2/pages/412.json]
[igsosana.org/index5604.html]
[igsosana.org/wp-json/oembed/1.0/embed1fea.json]
[igsosana.org/wp-json/oembed/1.0/embedee34]
[igsosana.org/wp-json/wp/v2/pages/414.json]
[igsosana.org/index24eb.html]
[igsosana.org/wp-json/oembed/1.0/embedaabd.json]
[igsosana.org/wp-json/oembed/1.0/embed1fed]
[igsosana.org/wp-content/uploads/elementor/css/post-416dec4.css]
[igsosana.org/wp-json/wp/v2/pages/416.json]
[igsosana.org/wp-content/uploads/2020/04/Tie-sq.jpg]
[igsosana.org/wp-content/uploads/2020/04/Scarf-sq.jpg]
[igsosana.org/wp-content/uploads/2020/06/Bow-500x500-1.jpg]
[igsosana.org/wp-content/uploads/2020/06/IGSOSA-Aso-oke.500x500jpg.jpg]
[igsosana.org/wp-content/uploads/elementor/css/post-425463a.css]
[igsosana.org/wp-content/uploads/2018/09/igs-don-check.jpg]
[igsosana.org/excellence-campaign-giving/index.html]
[igsosana.org/wp-content/uploads/elementor/css/post-433bc2d.css]
[igsosana.org/the-106th-founders-day-celebrations/index.html]
[igsosana.org/wp-content/uploads/2018/09/igs-ins-member.jpg]
[igsosana.org/register]
[igsosana.org/wp-content/uploads/2018/09/igs-ins-dues.jpg]
[igsosana.org/wp-content/uploads/elementor/css/post-1010ef98.css]
[igsosana.org/wp-content/uploads/2018/09/chapel-1024x711.jpg]
[igsosana.org/wp-content/uploads/2020/01/ebanking-login.jpg]
[igsosana.org/wp-content/plugins/ocean-portfolio/assets/js/main.minc358.js]
[igsosana.org/wp-content/plugins/elementor/assets/lib/font-awesome/webfonts/fa-brands-400d41d.eot]
[igsosana.org/wp-json/wp/v2/pages/266.json]
[igsosana.org/wp-content/plugins/elementor/assets/lib/font-awesome/webfonts/fa-solid-900d41d.eot]
[igsosana.org/wp-content/plugins/elementor/assets/lib/font-awesome/webfonts/fa-brands-400.woff]
[igsosana.org/wp-content/uploads/2018/09/imagebox09-bg02.jpg]
[igsosana.org/wp-content/uploads/elementor/css/post-312b739.css]
[igsosana.org/wp-content/uploads/2019/09/Motunrayo-19.jpg]
[igsosana.org/wp-content/uploads/2021/04/isola-ajiferuke.jpg]
[igsosana.org/wp-content/uploads/2019/09/Oluyemi.jpg]
[igsosana.org/wp-content/uploads/2019/10/Akin-Johnson.jpg]
[igsosana.org/wp-content/uploads/2019/10/DejiOjetola.jpg]
[igsosana.org/wp-content/uploads/2019/10/Olawunmi.jpg]
[igsosana.org/wp-content/uploads/2019/09/Okuwoga-19.jpg]
[igsosana.org/wp-content/plugins/gravityforms/fonts/gform-icons-theme1bee.svg]
[igsosana.org/wp-content/plugins/gravityforms/images/gf-creditcards.svg]
[igsosana.org/wp-content/plugins/gravityforms/images/gf-creditcards-check.svg]
[igsosana.org/wp-content/plugins/gravityforms/images/list-add.svg]
[igsosana.org/wp-content/plugins/gravityforms/images/list-remove.svg]
[igsosana.org/wp-content/plugins/gravityforms/images/theme/down-arrow.svg]
[igsosana.org/wp-content/plugins/gravityforms/legacy/css/browsers.min2a47.css]
[igsosana.org/portfolio/new-jersey/feed/index.html]
[igsosana.org/wp-content/plugins/ocean-portfolio/assets/photoswipe/photoswipe.min9f31.css]
[igsosana.org/category/uncategorized/feed/index.html]
[igsosana.org/wp-content/plugins/ocean-portfolio/assets/photoswipe/default-skin/default-skin.png]
[igsosana.org/wp-content/plugins/ocean-portfolio/assets/photoswipe/default-skin/default-skin.svg]
[igsosana.org/wp-content/plugins/ocean-portfolio/assets/photoswipe/default-skin/preloader.gif]
[igsosana.org/wp-content/plugins/ocean-portfolio/assets/photoswipe/default-skin/default-skin.min9f31.css]
[igsosana.org/index7cc7.html]
[igsosana.org/wp-json/oembed/1.0/embed70d8.json]
[igsosana.org/wp-json/oembed/1.0/embed711b]
[igsosana.org/wp-content/uploads/2018/10/1-after.jpg]
[igsosana.org/author/msporgad/index.html]
[igsosana.org/portfolio/atlanta/feed/index.html]
[igsosana.org/author/msporgad/feed/index.html]
[igsosana.org/wp-json/oembed/1.0/embed1904.json]
[igsosana.org/author/msporgad/page/2/index.html]
[igsosana.org/wp-json/oembed/1.0/embedd45c]
[igsosana.org/category/executives/index.html]
[igsosana.org/portfolio/washington-dc/feed/index.html]
[igsosana.org/author/msporgad/page/3/index.html]
[igsosana.org/wp-json/oembed/1.0/embed835d.json]
[igsosana.org/wp-json/oembed/1.0/embedc878]
[igsosana.org/portfolio/los-angeles/feed/index.html]
[igsosana.org/soji-adeyemi/index.html]
[igsosana.org/indexfdd5.html]
[igsosana.org/wp-json/oembed/1.0/embed01a5.json]
[igsosana.org/wp-json/oembed/1.0/embede8c6]
[igsosana.org/portfolio/chicago/feed/index.html]
[igsosana.org/wp-json/oembed/1.0/embedc2bf.json]
[igsosana.org/wp-json/oembed/1.0/embed822b]
[igsosana.org/portfolio/toronto/feed/index.html]
[igsosana.org/index6ca3.html]
[igsosana.org/wp-json/oembed/1.0/embed4b3f.json]
[igsosana.org/wp-json/oembed/1.0/embedc6e4]
[igsosana.org/portfolio/houston/feed/index.html]
[igsosana.org/index0745.html]
[igsosana.org/wp-json/oembed/1.0/embedee72.json]
[igsosana.org/wp-json/oembed/1.0/embedb145]
[igsosana.org/portfolio/boston/feed/index.html]
[igsosana.org/indexbcc1.html]
[igsosana.org/wp-json/oembed/1.0/embed38db.json]
[igsosana.org/wp-json/oembed/1.0/embeddd9f]
[igsosana.org/portfolio/washington-dc-2008/feed/index.html]
[igsosana.org/indexc9d1.html]
[igsosana.org/wp-json/oembed/1.0/embed780a.json]
[igsosana.org/wp-json/oembed/1.0/embedaeae]
[igsosana.org/indexe8d3.html]
[igsosana.org/index51fe.html]
[igsosana.org/index1f38.html]
[igsosana.org/index5750.html]
[igsosana.org/index1263.html]
[igsosana.org/wp-json/oembed/1.0/embed9428]
[igsosana.org/wp-json/oembed/1.0/embed73de]
[igsosana.org/wp-json/wp/v2/pages/383]
[igsosana.org/wp-content/uploads/elementor/css/post-4187f2e.css]
[igsosana.org/wp-content/uploads/elementor/css/post-425463a.css]
[igsosana.org/wp-json/wp/v2/pages/425]
[igsosana.org/index27ac.html]
[igsosana.org/wp-json/oembed/1.0/embed8148]
[igsosana.org/excellence-campaign-giving/index.html]
[igsosana.org/redeem]
[igsosana.org/connections/get-involved/donate-online/donate/index.html]
[igsosana.org/wp-content/uploads/elementor/css/post-433bc2d.css]
[igsosana.org/wp-json/wp/v2/pages/433]
[igsosana.org/index1557.html]
[igsosana.org/wp-json/oembed/1.0/embed3e37]
[igsosana.org/redeem/index.html]
[igsosana.org/wp-content/uploads/2018/10/1-after-300x204.jpg]
[igsosana.org/wp-content/uploads/elementor/css/post-12433f85.css]
[igsosana.org/chemistry-biology-labs-renovation/index.html]
[igsosana.org/wp-content/uploads/2019/05/pic1.jpg]
[igsosana.org/wp-content/uploads/2019/05/pic2.jpg]
[igsosana.org/wp-content/uploads/2019/05/pic4.jpg]
[igsosana.org/wp-content/uploads/2019/05/pic5.jpg]
[igsosana.org/wp-content/uploads/2019/05/L3.jpg]
[igsosana.org/wp-content/uploads/2019/05/L1.jpg]
[igsosana.org/wp-content/uploads/2019/05/L2.jpg]
[igsosana.org/wp-content/uploads/2019/05/L2-150x150.jpg]
[igsosana.org/wp-content/uploads/2019/05/L3-150x150.jpg]
[igsosana.org/wp-content/uploads/2019/05/L4-150x150.jpg]
[igsosana.org/wp-content/uploads/2019/05/L5.jpg]
[igsosana.org/wp-content/uploads/2019/05/L5-150x150.jpg]
[igsosana.org/wp-content/uploads/2019/05/L6.jpg]
[igsosana.org/wp-content/uploads/2019/05/L6-150x150.jpg]
[igsosana.org/wp-content/uploads/2019/05/L7.jpg]
[igsosana.org/wp-content/uploads/2019/05/L7-150x150.jpg]
[igsosana.org/wp-content/uploads/2019/05/L8.jpg]
[igsosana.org/wp-content/uploads/2019/05/L8-150x150.jpg]
[igsosana.org/wp-content/uploads/2019/05/pic5-150x150.jpg]
[igsosana.org/wp-content/uploads/2019/05/pic4-150x150.jpg]
[igsosana.org/wp-content/uploads/2019/05/pic3-150x150.jpg]
[igsosana.org/wp-content/uploads/2019/05/pic2-150x150.jpg]
[igsosana.org/wp-content/uploads/2019/05/pic1-150x150.jpg]
[igsosana.org/the-106th-founders-day-celebrations/index.html]
[igsosana.org/wp-json/wp/v2/pages/427]
[igsosana.org/indexa942.html]
[igsosana.org/wp-json/oembed/1.0/embed8dda]
[igsosana.org/wp-json/wp/v2/pages/431]
[igsosana.org/wp-json/oembed/1.0/embed1247]
[igsosana.org/wp-json/oembed/1.0/embedbf54]
[igsosana.org/register]
[igsosana.org/mspsecurex]
[igsosana.org/wp-content/uploads/elementor/css/post-4277b0c.css]
[igsosana.org/wp-json/wp/v2/pages/429]
[igsosana.org/wp-content/uploads/elementor/css/post-4297a28.css]
[igsosana.org/wp-json/oembed/1.0/embedf982]
[igsosana.org/wp-json/oembed/1.0/embed20e9]
[igsosana.org/wp-content/uploads/elementor/css/post-1010ef98.css]
[igsosana.org/indexdf2a.html]
[igsosana.org/wp-json/oembed/1.0/embed8803]
[igsosana.org/wp-json/wp/v2/pages/440]
[igsosana.org/wp-json/oembed/1.0/embed9220]
[igsosana.org/wp-json/wp/v2/pages/1448]
[igsosana.org/wp-content/uploads/elementor/css/post-440dcd2.css]
[igsosana.org/wp-json/oembed/1.0/embedd264]
[igsosana.org/wp-json/oembed/1.0/embed2541]
[igsosana.org/wp-content/uploads/elementor/css/post-1448ca5e.css]
[igsosana.org/wp-content/uploads/2020/01/IGSCenterOfExcellenceCampaign-f.pdf]
[igsosana.org/wp-content/uploads/2020/01/nigerian-naira-notes.jpg]
[igsosana.org/wp-content/uploads/elementor/css/post-1744d64c.css]
[igsosana.org/wp-json/wp/v2/pages/1744]
[igsosana.org/wp-json/oembed/1.0/embed8a51]
[igsosana.org/wp-json/wp/v2/pages/1546]
[igsosana.org/wp-json/oembed/1.0/embed0802]
[igsosana.org/Dues]
[igsosana.org/wp-content/plugins/ocean-cookie-notice/assets/js/main.min.js]
[igsosana.org/wp-content/plugins/elementor/assets/lib/font-awesome/webfonts/fa-brands-400.woff2]
[igsosana.org/wp-content/uploads/2018/09/home38-bg05.jpg]
[igsosana.org/index6543.html]
[igsosana.org/wp-json/oembed/1.0/embedb134]
[igsosana.org/wp-json/oembed/1.0/embed20be]
[igsosana.org/wp-content/uploads/elementor/css/post-312b739.css]
[igsosana.org/index8844.html]
[igsosana.org/wp-content/plugins/ocean-elementor-widgets/assets/img/loader.svg]
[igsosana.org/wp-json/oembed/1.0/embed8ca3]
[igsosana.org/index76f0.html]
[igsosana.org/wp-json/wp/v2/categories/1]
[igsosana.org/indexc3ba.html]
[igsosana.org/wp-content/plugins/ocean-portfolio/assets/photoswipe/default-skin/default-skin.svg]
[igsosana.org/wp-json/wp/v2/users/1.html]
[igsosana.org/wp-content/uploads/2019/09/Osinbowale-19-1.jpg]
[igsosana.org/category/projects/index.html]
[igsosana.org/soji-adeyemi/feed/index.html]
[igsosana.org/soji-adeyemi/index.html]
[igsosana.org/wp-content/uploads/2018/09/Soji-Adeyemi-p.jpg]
[igsosana.org/ola-olafunmiloye/index.html]
[igsosana.org/category/executives/feed/index.html]
[igsosana.org/wp-content/uploads/2018/09/exec-Olafunmiloye-p-1.jpg]
[igsosana.org/wp-content/uploads/2018/09/exec-Omole-p-1.jpg]
[igsosana.org/category/executives/index.html]
[igsosana.org/wp-content/uploads/2018/09/exec-Adebowale-p-1.jpg]
[igsosana.org/author/msporgad/page/2/index.html]
[igsosana.org/yinka-omole/index.html]
[igsosana.org/category/executives/page/2/index.html]
[igsosana.org/marty-adebowale-vice-president/index.html]
[igsosana.org/wp-content/uploads/2018/09/exec-Okuwoga-p-1.jpg]
[igsosana.org/author/msporgad/page/3/index.html]
[igsosana.org/index0d79.html]
[igsosana.org/index092b.html]
[igsosana.org/wp-json/oembed/1.0/embed072b]
[igsosana.org/wp-json/oembed/1.0/embeded4b]
[igsosana.org/wp-content/uploads/elementor/css/post-4187f2e.css]
[igsosana.org/wp-json/wp/v2/pages/418]
[igsosana.org/index3f97.html]
[igsosana.org/wp-json/oembed/1.0/embed76b2]
[igsosana.org/wp-json/oembed/1.0/embedf0fc]
[igsosana.org/wp-json/oembed/1.0/embedadd3]
[igsosana.org/wp-json/wp/v2/pages/2101.json]
[igsosana.org/index5171.html]
[igsosana.org/dr-yinka-okuwoga/index.html]
[igsosana.org/wp-json/oembed/1.0/embed92d3]
[igsosana.org/wp-content/uploads/elementor/css/post-1018cc61.css]
[igsosana.org/connections/get-involved/donate-online/donate/index.html]
[igsosana.org/seke-somolu-scholarship-fund/index.html]
[igsosana.org/donate]
[igsosana.org/redeem/index.html]
[igsosana.org/events/advertisement-payment]
[igsosana.org/wp-json/oembed/1.0/embed8c56]
[igsosana.org/chemistry-biology-labs-renovation/feed/index.html]
[igsosana.org/chemistry-biology-labs-renovation/index.html]
[igsosana.org/wp-content/uploads/elementor/css/post-12433f85.css]
[igsosana.org/wp-json/wp/v2/posts/1243.json]
[igsosana.org/index4e41.html]
[igsosana.org/wp-json/oembed/1.0/embed28e9.json]
[igsosana.org/wp-json/oembed/1.0/embed974c]
[igsosana.org/wp-content/uploads/2019/05/pic3.jpg]
[igsosana.org/asp-products/chemistry-biology-lab-drive/index.html]
[igsosana.org/wp-content/uploads/elementor/css/post-4277b0c.css]
[igsosana.org/wp-json/oembed/1.0/embed2487]
[igsosana.org/wp-content/uploads/elementor/css/post-431d0f3.css]
[igsosana.org/index88c3.html]
[igsosana.org/wp-content/uploads/elementor/css/post-4297a28.css]
[igsosana.org/indexedce.html]
[igsosana.org/wp-json/wp/v2/pages/1010]
[igsosana.org/wp-json/oembed/1.0/embed88ff]
[igsosana.org/wp-content/uploads/elementor/css/post-440dcd2.css]
[igsosana.org/indexe982.html]
[igsosana.org/wp-json/oembed/1.0/embedac7e]
[igsosana.org/wp-content/uploads/2019/11/IMG_0184.jpg]
[igsosana.org/wp-content/uploads/2019/05/L1-150x150.jpg]
[igsosana.org/wp-content/uploads/2019/11/IMG_0168.jpg]
[igsosana.org/wp-content/uploads/2019/11/IMG_0296.jpg]
[igsosana.org/wp-content/uploads/elementor/css/post-1448ca5e.css]
[igsosana.org/index9a20.html]
[igsosana.org/index5ace.html]
[igsosana.org/wp-json/oembed/1.0/embede905]
[igsosana.org/index8aa6.html]
[igsosana.org/wp-json/oembed/1.0/embed8f19]
[igsosana.org/wp-content/plugins/ocean-elementor-widgets/assets/img/loader.svg]
[igsosana.org/wp-json/wp/v2/pages/312]
[igsosana.org/wp-json/oembed/1.0/embed83e7]
[igsosana.org/wp-content/uploads/2019/09/Adeyemi-19.jpg]
[igsosana.org/wp-content/uploads/2019/09/Bakare-19.jpg]
[igsosana.org/category/projects/feed/index.html]
[igsosana.org/category/projects/index.html]
[igsosana.org/wp-json/wp/v2/posts/848.json]
[igsosana.org/indexab1b.html]
[igsosana.org/wp-json/oembed/1.0/embed98f4]
[igsosana.org/wp-content/uploads/elementor/css/post-989a52f.css]
[igsosana.org/ola-olafunmiloye/feed/index.html]
[igsosana.org/ola-olafunmiloye/index.html]
[igsosana.org/wp-json/wp/v2/categories/12.json]
[igsosana.org/yinka-omole/feed/index.html]
[igsosana.org/yinka-omole/index.html]
[igsosana.org/category/executives/page/2/index.html]
[igsosana.org/marty-adebowale-vice-president/index.html]
[igsosana.org/author/msporgad/page/1/index.html]
[igsosana.org/dr-yinka-okuwoga/feed/index.html]
[igsosana.org/dr-yinka-okuwoga/index.html]
[igsosana.org/indexd379.html]
[igsosana.org/wp-json/oembed/1.0/embede836]
[igsosana.org/wp-content/uploads/elementor/css/post-1018cc61.css]
[igsosana.org/wp-json/wp/v2/pages/1018.json]
[igsosana.org/wp-json/oembed/1.0/embedefac.json]
[igsosana.org/wp-json/oembed/1.0/embed2f90]
[igsosana.org/wp-json/wp/v2/pages/1047.json]
[igsosana.org/wp-json/oembed/1.0/embedb486.json]
[igsosana.org/wp-json/oembed/1.0/embed002a]
[igsosana.org/wp-content/uploads/elementor/css/post-9813f85.css]
[igsosana.org/wp-json/wp/v2/posts/981.json]
[igsosana.org/indexc56d.html]
[igsosana.org/wp-json/oembed/1.0/embedd3e6.json]
[igsosana.org/wp-json/oembed/1.0/embed421f]
[igsosana.org/asp-products/chemistry-biology-lab-drive/index.html]
[igsosana.org/the-106th-founders-day-celebrations/feed/index.html]
[igsosana.org/wp-content/uploads/2019/05/L4.jpg]
[igsosana.org/wp-content/uploads/elementor/css/post-210183bb.css]
[igsosana.org/wp-json/wp/v2/categories/13.json]
[igsosana.org/wp-content/uploads/2019/11/IMG_0346.jpg]
[igsosana.org/wp-content/uploads/elementor/css/post-989a52f.css]
[igsosana.org/wp-json/oembed/1.0/embed76a3]
[igsosana.org/wp-json/wp/v2/posts/484.json]
[igsosana.org/index4c50.html]
[igsosana.org/wp-json/oembed/1.0/embed95fb.json]
[igsosana.org/wp-json/oembed/1.0/embeddbbe]
[igsosana.org/wp-json/wp/v2/posts/482.json]
[igsosana.org/wp-json/oembed/1.0/embed3522.json]
[igsosana.org/wp-json/oembed/1.0/embed1fd1]
[igsosana.org/category/executives/page/1/index.html]
[igsosana.org/index5657.html]
[igsosana.org/wp-json/oembed/1.0/embed378f.json]
[igsosana.org/wp-json/oembed/1.0/embed4d08]
[igsosana.org/wp-json/wp/v2/posts/467.json]
[igsosana.org/index7ab1.html]
[igsosana.org/wp-json/oembed/1.0/embed3ba1.json]
[igsosana.org/wp-json/oembed/1.0/embed5ce1]
[igsosana.org/wp-content/uploads/elementor/css/post-210183bb.css]
[igsosana.org/indexbd7b.html]
[igsosana.org/marty-adebowale-vice-president/feed/index.html]
[igsosana.org/indexa741.html]
[igsosana.org/index54a8.html]
[igsosana.org/wp-json/wp/v2/posts/479]
